C:\Users\2025022\Desktop\CLT_SJW\project\ServiceNow-CTASK\ServiceNow-CTASK\src\main\java\com\servicenow\ctaskcreator\model\AppSettings.java
C:\Users\2025022\Desktop\CLT_SJW\project\ServiceNow-CTASK\ServiceNow-CTASK\src\main\java\com\servicenow\ctaskcreator\Launcher.java
C:\Users\2025022\Desktop\CLT_SJW\project\ServiceNow-CTASK\ServiceNow-CTASK\src\main\java\com\servicenow\ctaskcreator\Main.java
C:\Users\2025022\Desktop\CLT_SJW\project\ServiceNow-CTASK\ServiceNow-CTASK\src\main\java\com\servicenow\ctaskcreator\service\ServiceNowClient.java
C:\Users\2025022\Desktop\CLT_SJW\project\ServiceNow-CTASK\ServiceNow-CTASK\src\main\java\com\servicenow\ctaskcreator\service\GoogleSheetClient.java
C:\Users\2025022\Desktop\CLT_SJW\project\ServiceNow-CTASK\ServiceNow-CTASK\src\main\java\com\servicenow\ctaskcreator\service\SettingsManager.java
C:\Users\2025022\Desktop\CLT_SJW\project\ServiceNow-CTASK\ServiceNow-CTASK\src\main\java\com\servicenow\ctaskcreator\controller\MainController.java
C:\Users\2025022\Desktop\CLT_SJW\project\ServiceNow-CTASK\ServiceNow-CTASK\src\main\java\com\servicenow\ctaskcreator\service\ExcelReader.java
C:\Users\2025022\Desktop\CLT_SJW\project\ServiceNow-CTASK\ServiceNow-CTASK\src\main\java\com\servicenow\ctaskcreator\controller\LoginController.java
